// Jest Snapshot v1, https://goo.gl/fbAQLP

exports[`pruebas en <GifItem /> debe hacer match con el snapshot 1`] = `
<div>
  <div
    class="card"
  >
    <img
      alt="luffy"
      src="https://one-piece.com/luffy.jpg"
    />
    <p>
      luffy
    </p>
  </div>
</div>
`;
